<html>
<body>
<pre>
<h1>礦ision Build Log</h1>
<h2>Tool Versions:</h2>
IDE-Version: μVision V5.32.0.0
Copyright (C) 2020 ARM Ltd and ARM Germany GmbH. All rights reserved.
License Information: biubiu smile, 100ask, LIC=03C6R-KE2N2-WF8I7-EY0T4-FF88T-P5I3H
 
Tool Versions:
Toolchain:       MDK-ARM Plus  Version: 5.32.0.0
Toolchain Path:  C:\Keil_v5\ARM\ARMCC\Bin
C Compiler:      Armcc.exe V5.06 update 7 (build 960)
Assembler:       Armasm.exe V5.06 update 7 (build 960)
Linker/Locator:  ArmLink.exe V5.06 update 7 (build 960)
Library Manager: ArmAr.exe V5.06 update 7 (build 960)
Hex Converter:   FromElf.exe V5.06 update 7 (build 960)
CPU DLL:         SARMCM3.DLL V5.32.0.0
Dialog DLL:      DCM.DLL V1.17.3.0
Target DLL:      STLink\ST-LINKIII-KEIL_SWO.dll V3.0.8.0
Dialog DLL:      TCM.DLL V1.46.0.0
 
<h2>Project:</h2>
D:\100ask\work\2020-11-11_project\2021年5月18日-课程规划\2021年11月22日-lvgl教程\lvgl_100ask_course_materials\02_程序源码\02_项目模板\01_lv_100ask_port_stm32f103_tft_320x480\Project\F103_LVGL.uvprojx
Project File Date:  12/22/2021

<h2>Output:</h2>
*** Using Compiler 'V5.06 update 7 (build 960)', folder: 'C:\Keil_v5\ARM\ARMCC\Bin'
Rebuild target 'F103_LVGL'
assembling startup_stm32f103xe.s...
compiling system_stm32f1xx.c...
compiling stm32f1xx_clk.c...
compiling ring_buffer.c...
compiling driver_led.c...
compiling stm32f1xx_it.c...
compiling main.c...
..\Main\main.c(99): warning:  #223-D: function "lv_port_disp_init" declared implicitly
      lv_port_disp_init();
..\Main\main.c(100): warning:  #223-D: function "lv_port_indev_init" declared implicitly
      lv_port_indev_init();
..\Main\main.c(104): warning:  #223-D: function "lv_100ask_demo_course_2_1_1" declared implicitly
  	lv_100ask_demo_course_2_1_1();
..\Main\main.c: 3 warnings, 0 errors
compiling driver_key.c...
compiling driver_timer.c...
compiling driver_buzzer.c...
compiling driver_spi.c...
compiling driver_sram.c...
compiling driver_w25qxx.c...
compiling driver_fsmc_lcd.c...
compiling driver_fsmc_sram.c...
compiling driver_can.c...
compiling driver_I2C.c...
compiling ICM_20608_G.c...
compiling driver_msp_usart.c...
compiling driver_usart2.c...
compiling driver_usart.c...
compiling driver_usart3.c...
compiling ADC_SoftwareTriger.c...
compiling lcd_function.c...
compiling driver_eeprom.c...
compiling driver_flash.c...
compiling driver_sd.c...
compiling driver_ird.c...
compiling driver_AP3426.c...
compiling stm32f1xx_hal_cortex.c...
compiling ILI9488.c...
compiling stm32f1xx_hal_dma.c...
compiling stm32f1xx_hal_gpio.c...
compiling stm32f1xx_hal.c...
compiling ILI9341.c...
compiling XPT2046.c...
compiling stm32f1xx_hal_pwr.c...
compiling stm32f1xx_hal_sram.c...
compiling stm32f1xx_hal_rcc_ex.c...
compiling stm32f1xx_hal_gpio_ex.c...
compiling stm32f1xx_hal_rcc.c...
compiling stm32f1xx_hal_tim_ex.c...
compiling stm32f1xx_hal_tim.c...
compiling stm32f1xx_hal_uart.c...
compiling stm32f1xx_ll_fsmc.c...
compiling stm32f1xx_hal_flash_ex.c...
compiling stm32f1xx_hal_usart.c...
compiling stm32f1xx_ll_sdmmc.c...
compiling stm32f1xx_hal_flash.c...
compiling stm32f1xx_hal_sd.c...
compiling lv_disp.c...
compiling lv_event.c...
compiling lv_group.c...
compiling lv_indev.c...
compiling lv_indev_scroll.c...
compiling stm32f1xx_hal_can.c...
compiling lv_obj.c...
compiling stm32f1xx_hal_adc_ex.c...
compiling stm32f1xx_hal_spi.c...
compiling stm32f1xx_hal_adc.c...
compiling lv_obj_class.c...
compiling lv_obj_draw.c...
compiling lv_port_indev.c...
..\lv_port_indev.c(97): warning:  #513-D: a value of type "_Bool (*)(lv_indev_drv_t *, lv_indev_data_t *)" cannot be assigned to an entity of type "void (*)(struct _lv_indev_drv_t *, lv_indev_data_t *)"
      indev_drv.read_cb = xpt2046_read;
..\lv_port_indev.c(192): warning:  #177-D: function "touchpad_read"  was declared but never referenced
  static void touchpad_read(lv_indev_drv_t * indev_drv, lv_indev_data_t * data)
..\lv_port_indev.c(232): warning:  #177-D: function "mouse_init"  was declared but never referenced
  static void mouse_init(void)
..\lv_port_indev.c(238): warning:  #177-D: function "mouse_read"  was declared but never referenced
  static void mouse_read(lv_indev_drv_t * indev_drv, lv_indev_data_t * data)
..\lv_port_indev.c(273): warning:  #177-D: function "keypad_init"  was declared but never referenced
  static void keypad_init(void)
..\lv_port_indev.c(279): warning:  #177-D: function "keypad_read"  was declared but never referenced
  static void keypad_read(lv_indev_drv_t * indev_drv, lv_indev_data_t * data)
..\lv_port_indev.c(331): warning:  #177-D: function "encoder_init"  was declared but never referenced
  static void encoder_init(void)
..\lv_port_indev.c(337): warning:  #177-D: function "encoder_read"  was declared but never referenced
  static void encoder_read(lv_indev_drv_t * indev_drv, lv_indev_data_t * data)
..\lv_port_indev.c(345): warning:  #177-D: function "encoder_handler"  was declared but never referenced
  static void encoder_handler(void)
..\lv_port_indev.c(358): warning:  #177-D: function "button_init"  was declared but never referenced
  static void button_init(void)
..\lv_port_indev.c(364): warning:  #177-D: function "button_read"  was declared but never referenced
  static void button_read(lv_indev_drv_t * indev_drv, lv_indev_data_t * data)
..\lv_port_indev.c: 11 warnings, 0 errors
compiling lv_port_disp.c...
compiling lv_obj_pos.c...
compiling lv_obj_scroll.c...
compiling lv_obj_style_gen.c...
compiling lv_obj_style.c...
compiling lv_obj_tree.c...
compiling lv_theme.c...
compiling lv_draw_arc.c...
compiling lv_refr.c...
compiling lv_draw_img.c...
..\lvgl\src\draw\lv_draw_img.c(668): warning:  #1-D: last line of file ends without a newline
  #endif //LV_USE_GPU_SDL_RENDER
..\lvgl\src\draw\lv_draw_img.c: 1 warning, 0 errors
compiling lv_draw_label.c...
compiling lv_draw_line.c...
compiling lv_draw_blend.c...
compiling lv_draw_triangle.c...
compiling lv_draw_mask.c...
compiling lv_img_cache.c...
compiling lv_img_decoder.c...
compiling lv_img_buf.c...
compiling lv_animimg.c...
compiling lv_draw_rect.c...
compiling lv_calendar.c...
compiling lv_calendar_header_arrow.c...
compiling lv_calendar_header_dropdown.c...
compiling lv_keyboard.c...
compiling lv_imgbtn.c...
compiling lv_colorwheel.c...
compiling lv_list.c...
compiling lv_led.c...
compiling lv_chart.c...
compiling lv_meter.c...
compiling lv_msgbox.c...
compiling lv_spinner.c...
compiling lv_spinbox.c...
compiling lv_tabview.c...
compiling lv_tileview.c...
compiling lv_span.c...
..\lvgl\src\extra\widgets\span\lv_span.c(963): warning:  #546-D: transfer of control bypasses initialization of:
            variable "align"  (declared at line 967)
              goto Next_line_init;
              ^
..\lvgl\src\extra\widgets\span\lv_span.c: 1 warning, 0 errors
compiling lv_win.c...
compiling lv_theme_basic.c...
compiling lv_snapshot.c...
compiling lv_theme_mono.c...
compiling lv_font.c...
compiling lv_flex.c...
compiling lv_grid.c...
compiling lv_extra.c...
compiling lv_theme_default.c...
compiling lv_font_dejavu_16_persian_hebrew.c...
compiling lv_font_fmt_txt.c...
compiling lv_font_montserrat_8.c...
compiling lv_font_montserrat_10.c...
compiling lv_font_montserrat_12.c...
compiling lv_font_loader.c...
compiling lv_font_montserrat_12_subpx.c...
compiling lv_font_montserrat_16.c...
compiling lv_font_montserrat_14.c...
compiling lv_font_montserrat_18.c...
compiling lv_font_montserrat_20.c...
compiling lv_font_montserrat_22.c...
compiling lv_font_montserrat_24.c...
compiling lv_font_montserrat_26.c...
compiling lv_font_montserrat_28_compressed.c...
compiling lv_font_montserrat_28.c...
compiling lv_font_montserrat_30.c...
compiling lv_font_montserrat_32.c...
compiling lv_font_montserrat_34.c...
compiling lv_font_montserrat_36.c...
compiling lv_font_montserrat_38.c...
compiling lv_font_montserrat_40.c...
compiling lv_font_montserrat_42.c...
compiling lv_font_montserrat_44.c...
compiling lv_font_montserrat_46.c...
compiling lv_font_montserrat_48.c...
compiling lv_font_simsun_16_cjk.c...
compiling lv_font_unscii_8.c...
compiling lv_font_unscii_16.c...
compiling lv_hal_tick.c...
compiling lv_hal_disp.c...
compiling lv_anim_timeline.c...
compiling lv_hal_indev.c...
compiling lv_anim.c...
compiling lv_area.c...
compiling lv_async.c...
compiling lv_bidi.c...
compiling lv_color.c...
compiling lv_gc.c...
compiling lv_fs.c...
compiling lv_ll.c...
compiling lv_log.c...
compiling lv_math.c...
compiling lv_mem.c...
compiling lv_templ.c...
compiling lv_style.c...
compiling lv_printf.c...
compiling lv_timer.c...
compiling lv_style_gen.c...
compiling lv_tlsf.c...
..\lvgl\src\misc\lv_tlsf.c(898): warning:  #68-D: integer conversion resulted in a change of sign
          offset_to_block(pool, -(int)block_header_overhead);
..\lvgl\src\misc\lv_tlsf.c(1000): warning:  #68-D: integer conversion resulted in a change of sign
      block = offset_to_block(mem, -(tlsfptr_t)block_header_overhead);
..\lvgl\src\misc\lv_tlsf.c(1018): warning:  #68-D: integer conversion resulted in a change of sign
      block_header_t * block = offset_to_block(pool, -(int)block_header_overhead);
..\lvgl\src\misc\lv_tlsf.c: 3 warnings, 0 errors
compiling lv_utils.c...
compiling lv_txt_ap.c...
compiling lv_txt.c...
compiling lv_btn.c...
compiling lv_bar.c...
compiling lv_arc.c...
compiling lv_checkbox.c...
compiling lv_canvas.c...
compiling lv_line.c...
compiling lv_dropdown.c...
compiling lv_btnmatrix.c...
compiling lv_img.c...
compiling lv_objx_templ.c...
compiling lv_label.c...
compiling lv_switch.c...
compiling lv_roller.c...
compiling lv_slider.c...
compiling lv_100ask_demo_course_2_1_1.c...
compiling lv_table.c...
compiling lv_textarea.c...
linking...
Program Size: Code=149506 RO-data=24122 RW-data=568 ZI-data=351076  
FromELF: creating hex file...
After Build - User command #1: fromelf --bin --output .\Bin\TestUI.bin .\Objects\F103_LVGL.axf
".\Objects\F103_LVGL.axf": Error: Q0122E: Could not open file '.\Objects\F103_LVGL.axf': No such file or directory
Finished: 0 information, 0 warning and 1 error messages.
".\Objects\F103_100ASK_LVGL_DEMO.axf" - 0 Error(s), 19 Warning(s).

<h2>Software Packages used:</h2>

Package Vendor: Keil
                http://www.keil.com/pack/Keil.STM32F1xx_DFP.2.3.0.pack
                Keil.STM32F1xx_DFP.2.3.0
                STMicroelectronics STM32F1 Series Device Support, Drivers and Examples

<h2>Collection of Component include folders:</h2>
  C:\Users\smile\AppData\Local\Arm\Packs\Keil\STM32F1xx_DFP\2.3.0\Device\Include

<h2>Collection of Component Files used:</h2>
Build Time Elapsed:  00:00:23
</pre>
</body>
</html>
